idx,lon,lat,site_id,number,area,value-business_interruption,value-contents,value-nonstructural,occupants,value-structural
2,-1.225700E+02,3.811300E+01,0,1.000000E+00,1.000000E+02,2.000000E+03,5.000000E+03,1.500000E+04,4.000000E+00,1.000000E+04
1,-1.221140E+02,3.811300E+01,1,1.000000E+00,1.000000E+02,2.000000E+03,5.000000E+03,1.500000E+04,4.000000E+00,1.000000E+04
4,-1.220000E+02,3.791000E+01,2,1.000000E+00,1.000000E+02,2.000000E+03,5.000000E+03,1.500000E+04,4.000000E+00,1.000000E+04
3,-1.220000E+02,3.800000E+01,3,1.000000E+00,1.000000E+02,2.000000E+03,5.000000E+03,1.500000E+04,4.000000E+00,1.000000E+04
0,-1.220000E+02,3.811300E+01,4,1.000000E+00,1.000000E+02,2.000000E+03,5.000000E+03,1.500000E+04,4.000000E+00,1.000000E+04
5,-1.220000E+02,3.822500E+01,5,1.000000E+00,1.000000E+02,2.000000E+03,5.000000E+03,1.500000E+04,4.000000E+00,1.000000E+04
6,-1.218860E+02,3.811300E+01,6,1.000000E+00,1.000000E+02,2.000000E+03,5.000000E+03,1.500000E+04,4.000000E+00,1.000000E+04