
        <div class="tree-directory">
        <i>
        
                source
        
        </i> 
        <ul>
        
                <li>
                
            <div class="tree-file">
    
                <a href="html/colors.png">colors.png</a>
        
    

              This is random colors
        </div>

                </li>
        
        </ul>
    </div>
