asset_ref,taxonomy,lon,lat,occupants~poe-0.01,occupants~poe-0.02
a3,"tax1",-122.57000,38.11300,2.90510E-03,2.90510E-03
a2,"tax1",-122.11400,38.11300,3.69518E-03,3.69518E-03
a5,"tax1",-122.00000,37.91000,3.58470E-03,3.58470E-03
a4,"tax1",-122.00000,38.00000,1.80327E-02,1.80327E-02
a1,"tax1",-122.00000,38.11300,4.91829E-02,4.91829E-02
a6,"tax1",-122.00000,38.22500,5.78840E-02,5.78840E-02
a7,"tax1",-121.88600,38.11300,9.71457E-03,9.71457E-03
