<?xml version="1.0" encoding="utf-8"?>
<nrml
xmlns="http://openquake.org/xmlns/nrml/0.5"
xmlns:gml="http://www.opengis.net/gml"
>
    <uniformHazardSpectra
    investigationTime="50.0"
    poE="0.2"
    statistics="mean"
    >
        <periods>
            0.0 0.1
        </periods>
        <uhs>
            <gml:Point>
                <gml:pos>
                    -0.1 0.0
                </gml:pos>
            </gml:Point>
            <IMLs>
                0.2 0.634829725052
            </IMLs>
        </uhs>
        <uhs>
            <gml:Point>
                <gml:pos>
                    0.0 0.0
                </gml:pos>
            </gml:Point>
            <IMLs>
                0.2 0.594248574046
            </IMLs>
        </uhs>
        <uhs>
            <gml:Point>
                <gml:pos>
                    0.1 0.0
                </gml:pos>
            </gml:Point>
            <IMLs>
                0.2 0.747483030542
            </IMLs>
        </uhs>
    </uniformHazardSpectra>
</nrml>
