asset_ref,taxonomy,lon,lat,business_interruption,contents,nonstructural,occupants,structural,business_interruption_ins,contents_ins,nonstructural_ins,occupants_ins,structural_ins
a3,"tax1",-122.57000,38.11300,6.59766E+02,3.63792E+03,5.45687E+03,1.31953E-02,6.57308E+02,1.50938E+01,1.50938E+01,1.50938E+01,0.00000E+00,3.93750E+00
a2,"tax2",-122.11400,38.11300,9.59279E+02,1.83898E+04,2.31353E+04,1.91856E-02,1.16161E+03,2.05625E+01,2.18750E+01,2.18750E+01,0.00000E+00,7.87500E+00
a5,"tax1",-122.00000,37.91000,7.19708E+02,3.98989E+03,5.98483E+03,1.43942E-02,0.00000E+00,1.72812E+01,1.72812E+01,1.72813E+01,0.00000E+00,0.00000E+00
a4,"tax3",-122.00000,38.00000,1.09992E+03,4.48128E+03,2.13135E+04,2.19983E-02,2.11460E+03,2.18750E+01,1.85938E+01,2.14375E+01,0.00000E+00,7.87500E+00
a1,"tax1",-122.00000,38.11300,3.42216E+03,2.76099E+04,3.16867E+04,6.84432E-02,1.51051E+04,2.18750E+01,2.18750E+01,2.18750E+01,0.00000E+00,1.75000E+01
a6,"tax2",-122.00000,38.22500,2.00254E+03,6.33210E+04,1.14221E+05,4.00508E-02,3.81251E+03,2.18750E+01,2.18750E+01,2.18750E+01,0.00000E+00,1.31250E+01
a7,"tax1",-121.88600,38.11300,1.81770E+03,1.14847E+04,1.63800E+04,3.63540E-02,4.82391E+03,2.18750E+01,2.18750E+01,2.18750E+01,0.00000E+00,1.18125E+01
