asset_ref,taxonomy,lon,lat,business_interruption,contents,nonstructural,occupants,structural,business_interruption_ins,contents_ins,nonstructural_ins,occupants_ins,structural_ins
a3,"tax1",-122.57000,38.11300,6.32047E+01,3.24712E+02,4.87068E+02,1.26409E-03,0.00000E+00,1.94444E+00,1.94444E+00,1.94444E+00,0.00000E+00,0.00000E+00
a2,"tax2",-122.11400,38.11300,6.54871E+02,9.37904E+03,1.40686E+04,1.30974E-02,0.00000E+00,1.75000E+01,1.75000E+01,1.75000E+01,0.00000E+00,0.00000E+00
a5,"tax1",-122.00000,37.91000,3.36980E+02,1.70558E+03,2.55837E+03,6.73961E-03,0.00000E+00,1.16667E+01,1.16667E+01,1.16667E+01,0.00000E+00,0.00000E+00
a4,"tax3",-122.00000,38.00000,6.78060E+02,3.33467E+03,8.79578E+03,1.35612E-02,0.00000E+00,1.75000E+01,1.75000E+01,1.75000E+01,0.00000E+00,0.00000E+00
a1,"tax1",-122.00000,38.11300,1.59686E+03,9.27273E+03,1.39091E+04,3.19372E-02,2.77938E+03,1.75000E+01,1.75000E+01,1.75000E+01,0.00000E+00,1.75000E+01
a6,"tax2",-122.00000,38.22500,1.29400E+03,1.09567E+04,1.64351E+04,2.58800E-02,0.00000E+00,1.75000E+01,1.75000E+01,1.75000E+01,0.00000E+00,0.00000E+00
a7,"tax1",-121.88600,38.11300,9.76400E+02,5.65025E+03,8.47537E+03,1.95280E-02,0.00000E+00,1.75000E+01,1.75000E+01,1.75000E+01,0.00000E+00,0.00000E+00
