asset_ref,taxonomy,lon,lat,business_interruption,contents,nonstructural,occupants,structural,business_interruption_ins,contents_ins,nonstructural_ins,occupants_ins,structural_ins
a3,"tax1",-122.57000,38.11300,6.02632E+02,3.14558E+03,4.71837E+03,1.20526E-02,0.00000E+00,1.75000E+01,1.75000E+01,1.75000E+01,0.00000E+00,0.00000E+00
a2,"tax2",-122.11400,38.11300,8.85741E+02,1.47298E+04,2.15706E+04,1.77148E-02,0.00000E+00,1.75000E+01,1.75000E+01,1.75000E+01,0.00000E+00,0.00000E+00
a5,"tax1",-122.00000,37.91000,6.17811E+02,3.29582E+03,4.94374E+03,1.23562E-02,0.00000E+00,1.75000E+01,1.75000E+01,1.75000E+01,0.00000E+00,0.00000E+00
a4,"tax3",-122.00000,38.00000,1.14595E+03,3.98825E+03,1.43033E+04,2.29190E-02,0.00000E+00,1.75000E+01,1.75000E+01,1.75000E+01,0.00000E+00,0.00000E+00
a1,"tax1",-122.00000,38.11300,1.91808E+03,1.19317E+04,1.70731E+04,3.83616E-02,6.90845E+03,1.75000E+01,1.75000E+01,1.75000E+01,0.00000E+00,1.75000E+01
a6,"tax2",-122.00000,38.22500,1.64867E+03,2.15414E+04,2.51803E+04,3.29735E-02,3.57092E+03,1.75000E+01,1.75000E+01,1.75000E+01,0.00000E+00,1.29630E+01
a7,"tax1",-121.88600,38.11300,1.75622E+03,1.07571E+04,1.61357E+04,3.51245E-02,3.22403E+03,1.75000E+01,1.75000E+01,1.75000E+01,0.00000E+00,1.75000E+01
