asset_ref,taxonomy,lon,lat,business_interruption~poe-0.02,business_interruption~poe-0.1,contents~poe-0.02,contents~poe-0.1,nonstructural~poe-0.02,nonstructural~poe-0.1,occupants~poe-0.02,occupants~poe-0.1,structural~poe-0.02,structural~poe-0.1,business_interruption_ins~poe-0.02,business_interruption_ins~poe-0.1,contents_ins~poe-0.02,contents_ins~poe-0.1,nonstructural_ins~poe-0.02,nonstructural_ins~poe-0.1,occupants_ins~poe-0.02:float32,occupants_ins~poe-0.1:float32,structural_ins~poe-0.02,structural_ins~poe-0.1
a3,"tax1",-122.57000,38.11300,2.27537E+01,2.27537E+01,1.16896E+02,1.16896E+02,1.75345E+02,1.75345E+02,4.55074E-04,4.55074E-04,0.00000E+00,0.00000E+00,7.00000E-01,7.00000E-01,7.00000E-01,7.00000E-01,7.00000E-01,7.00000E-01,0.00000E+00,0.00000E+00,0.00000E+00,0.00000E+00
a2,"tax2",-122.11400,38.11300,4.87922E+01,4.87922E+01,1.38789E+03,1.38789E+03,1.50963E+03,1.50963E+03,9.75844E-04,9.75844E-04,1.16826E+02,1.16826E+02,7.00000E-01,7.00000E-01,7.00000E-01,7.00000E-01,7.00000E-01,7.00000E-01,0.00000E+00,0.00000E+00,7.00000E-01,7.00000E-01
a5,"tax1",-122.00000,37.91000,3.73356E+01,3.73356E+01,2.16220E+02,2.16220E+02,3.24330E+02,3.24330E+02,7.46711E-04,7.46711E-04,0.00000E+00,0.00000E+00,7.00000E-01,7.00000E-01,7.00000E-01,7.00000E-01,7.00000E-01,7.00000E-01,0.00000E+00,0.00000E+00,0.00000E+00,0.00000E+00
a4,"tax3",-122.00000,38.00000,6.57796E+01,6.57796E+01,1.79403E+02,1.79403E+02,2.04025E+03,2.04025E+03,1.31559E-03,1.31559E-03,2.48558E+02,2.48558E+02,7.00000E-01,7.00000E-01,7.00000E-01,7.00000E-01,7.00000E-01,7.00000E-01,0.00000E+00,0.00000E+00,7.00000E-01,7.00000E-01
a1,"tax1",-122.00000,38.11300,4.10377E+02,4.10377E+02,3.85877E+03,3.85877E+03,4.01649E+03,4.01649E+03,8.20755E-03,8.20755E-03,2.05189E+03,2.05189E+03,7.00000E-01,7.00000E-01,7.00000E-01,7.00000E-01,7.00000E-01,7.00000E-01,0.00000E+00,0.00000E+00,7.00000E-01,7.00000E-01
a6,"tax2",-122.00000,38.22500,1.71490E+02,1.71490E+02,5.00000E+03,5.00000E+03,1.50000E+04,1.50000E+04,3.42980E-03,3.42980E-03,4.47794E+02,4.47794E+02,7.00000E-01,7.00000E-01,7.00000E-01,7.00000E-01,7.00000E-01,7.00000E-01,0.00000E+00,0.00000E+00,7.00000E-01,7.00000E-01
a7,"tax1",-121.88600,38.11300,1.40270E+02,1.40270E+02,1.05515E+03,1.05515E+03,1.28157E+03,1.28157E+03,2.80539E-03,2.80539E-03,6.01418E+02,6.01418E+02,7.00000E-01,7.00000E-01,7.00000E-01,7.00000E-01,7.00000E-01,7.00000E-01,0.00000E+00,0.00000E+00,7.00000E-01,7.00000E-01
