asset_ref,taxonomy,lon,lat,business_interruption~poe-0.02,business_interruption~poe-0.1,contents~poe-0.02,contents~poe-0.1,nonstructural~poe-0.02,nonstructural~poe-0.1,occupants~poe-0.02,occupants~poe-0.1,structural~poe-0.02,structural~poe-0.1,business_interruption_ins~poe-0.02,business_interruption_ins~poe-0.1,contents_ins~poe-0.02,contents_ins~poe-0.1,nonstructural_ins~poe-0.02,nonstructural_ins~poe-0.1,occupants_ins~poe-0.02:float32,occupants_ins~poe-0.1:float32,structural_ins~poe-0.02,structural_ins~poe-0.1
a3,"tax1",-122.57000,38.11300,2.49180E+01,2.49180E+01,1.31191E+02,1.31191E+02,1.96786E+02,1.96786E+02,4.98359E-04,4.98359E-04,0.00000E+00,0.00000E+00,7.00000E-01,7.00000E-01,7.00000E-01,7.00000E-01,7.00000E-01,7.00000E-01,0.00000E+00,0.00000E+00,0.00000E+00,0.00000E+00
a2,"tax2",-122.11400,38.11300,3.75332E+01,3.75332E+01,9.52487E+02,9.52487E+02,1.12043E+03,1.12043E+03,7.50664E-04,7.50664E-04,9.87298E+01,9.87298E+01,7.00000E-01,7.00000E-01,7.00000E-01,7.00000E-01,7.00000E-01,7.00000E-01,0.00000E+00,0.00000E+00,7.00000E-01,7.00000E-01
a5,"tax1",-122.00000,37.91000,3.61280E+01,3.61280E+01,2.08147E+02,2.08147E+02,3.12220E+02,3.12220E+02,7.22561E-04,7.22561E-04,0.00000E+00,0.00000E+00,7.00000E-01,7.00000E-01,7.00000E-01,7.00000E-01,7.00000E-01,7.00000E-01,0.00000E+00,0.00000E+00,0.00000E+00,0.00000E+00
a4,"tax3",-122.00000,38.00000,5.01559E+01,5.01559E+01,1.61446E+02,1.61446E+02,1.11581E+03,1.11581E+03,1.00312E-03,1.00312E-03,1.67766E+02,1.67766E+02,7.00000E-01,7.00000E-01,7.00000E-01,7.00000E-01,7.00000E-01,7.00000E-01,0.00000E+00,0.00000E+00,7.00000E-01,7.00000E-01
a1,"tax1",-122.00000,38.11300,1.57367E+02,1.57367E+02,1.30449E+03,1.30449E+03,1.41631E+03,1.41631E+03,3.14735E-03,3.14735E-03,7.86837E+02,7.86837E+02,7.00000E-01,7.00000E-01,7.00000E-01,7.00000E-01,7.00000E-01,7.00000E-01,0.00000E+00,0.00000E+00,7.00000E-01,7.00000E-01
a6,"tax2",-122.00000,38.22500,8.71158E+01,8.71158E+01,4.77593E+03,4.77593E+03,7.18100E+03,7.18100E+03,1.74232E-03,1.74232E-03,1.78541E+02,1.78541E+02,7.00000E-01,7.00000E-01,7.00000E-01,7.00000E-01,7.00000E-01,7.00000E-01,0.00000E+00,0.00000E+00,7.00000E-01,7.00000E-01
a7,"tax1",-121.88600,38.11300,7.92458E+01,7.92458E+01,4.93020E+02,4.93020E+02,7.39530E+02,7.39530E+02,1.58492E-03,1.58492E-03,2.87287E+02,2.87287E+02,7.00000E-01,7.00000E-01,7.00000E-01,7.00000E-01,7.00000E-01,7.00000E-01,0.00000E+00,0.00000E+00,7.00000E-01,7.00000E-01
