asset_ref,taxonomy,lon,lat,business_interruption~poe-0.02,business_interruption~poe-0.1,contents~poe-0.02,contents~poe-0.1,nonstructural~poe-0.02,nonstructural~poe-0.1,occupants~poe-0.02,occupants~poe-0.1,structural~poe-0.02,structural~poe-0.1,business_interruption_ins~poe-0.02,business_interruption_ins~poe-0.1,contents_ins~poe-0.02,contents_ins~poe-0.1,nonstructural_ins~poe-0.02,nonstructural_ins~poe-0.1,occupants_ins~poe-0.02:float32,occupants_ins~poe-0.1:float32,structural_ins~poe-0.02,structural_ins~poe-0.1
a3,"tax1",-122.57000,38.11300,4.44831E+01,4.44831E+01,2.60447E+02,2.60447E+02,3.90671E+02,3.90671E+02,8.89661E-04,8.89661E-04,1.16855E+02,1.16855E+02,7.00000E-01,7.00000E-01,7.00000E-01,7.00000E-01,7.00000E-01,7.00000E-01,0.00000E+00,0.00000E+00,7.00000E-01,7.00000E-01
a2,"tax2",-122.11400,38.11300,3.03700E+01,3.03700E+01,4.13591E+02,4.13591E+02,6.20386E+02,6.20386E+02,6.07400E-04,6.07400E-04,0.00000E+00,0.00000E+00,7.00000E-01,7.00000E-01,7.00000E-01,7.00000E-01,7.00000E-01,7.00000E-01,0.00000E+00,0.00000E+00,0.00000E+00,0.00000E+00
a5,"tax1",-122.00000,37.91000,2.42734E+01,2.42734E+01,1.28898E+02,1.28898E+02,1.93347E+02,1.93347E+02,4.85468E-04,4.85468E-04,0.00000E+00,0.00000E+00,7.00000E-01,7.00000E-01,7.00000E-01,7.00000E-01,7.00000E-01,7.00000E-01,0.00000E+00,0.00000E+00,0.00000E+00,0.00000E+00
a4,"tax3",-122.00000,38.00000,2.71224E+01,2.71224E+01,2.09402E+02,2.09402E+02,3.81482E+02,3.81482E+02,5.42448E-04,5.42448E-04,0.00000E+00,0.00000E+00,7.00000E-01,7.00000E-01,7.00000E-01,7.00000E-01,7.00000E-01,7.00000E-01,0.00000E+00,0.00000E+00,0.00000E+00,0.00000E+00
a1,"tax1",-122.00000,38.11300,6.48436E+01,6.48436E+01,4.02830E+02,4.02830E+02,6.04245E+02,6.04245E+02,1.29687E-03,1.29687E-03,2.45090E+02,2.45090E+02,7.00000E-01,7.00000E-01,7.00000E-01,7.00000E-01,7.00000E-01,7.00000E-01,0.00000E+00,0.00000E+00,7.00000E-01,7.00000E-01
a6,"tax2",-122.00000,38.22500,5.67567E+01,5.67567E+01,7.45292E+02,7.45292E+02,9.08113E+02,9.08113E+02,1.13513E-03,1.13513E-03,1.29705E+02,1.29705E+02,7.00000E-01,7.00000E-01,7.00000E-01,7.00000E-01,7.00000E-01,7.00000E-01,0.00000E+00,0.00000E+00,7.00000E-01,7.00000E-01
a7,"tax1",-121.88600,38.11300,3.90560E+01,3.90560E+01,2.26010E+02,2.26010E+02,3.39015E+02,3.39015E+02,7.81120E-04,7.81120E-04,0.00000E+00,0.00000E+00,7.00000E-01,7.00000E-01,7.00000E-01,7.00000E-01,7.00000E-01,7.00000E-01,0.00000E+00,0.00000E+00,0.00000E+00,0.00000E+00
