annual_frequency_of_exceedence,return_period,structural
1.00000E+00,1,3.64440E+06
5.00000E-01,2,1.23658E+07
