asset_ref,taxonomy,lon,lat,nonstructural~poe-0.1,structural~poe-0.1
a0,"RM",81.29850,29.10980,3.74213E+02,7.53467E+02
a1,"RC",83.08230,27.90060,6.58596E+01,2.66468E+02
a2,"W",85.74770,27.90150,7.32857E+01,5.77470E+02
a3,"RM",85.74770,27.90150,5.94810E+02,1.19665E+03
