asset_ref,taxonomy,lon,lat,nonstructural~poe-0.1,structural~poe-0.1
a0,"RM",81.29850,29.10980,4.60499E+02,9.80333E+02
a1,"RC",83.08230,27.90060,6.79546E+01,3.47554E+02
a2,"W",85.74770,27.90150,7.35170E+01,5.95468E+02
a3,"RM",85.74770,27.90150,5.95875E+02,1.38109E+03
