========= ====== ======
PGA       events nbytes
========= ====== ======
0.0377797 29     11646 
0.0428398 25     10314 
========= ====== ======