asset_ref,taxonomy,lon,lat,business_interruption,contents,nonstructural,occupants,structural,business_interruption_ins,contents_ins,nonstructural_ins,occupants_ins,structural_ins
a3,"tax1",-122.57000,38.11300,9.84769E+02,5.67001E+03,8.50502E+03,1.96954E-02,9.73790E+02,1.75000E+01,1.75000E+01,1.75000E+01,0.00000E+00,5.83333E+00
a2,"tax2",-122.11400,38.11300,1.21705E+03,2.38122E+04,2.80107E+04,2.43409E-02,2.19400E+03,2.13889E+01,3.30556E+01,3.30556E+01,0.00000E+00,1.55556E+01
a5,"tax1",-122.00000,37.91000,9.09909E+02,5.40251E+03,8.10376E+03,1.81982E-02,0.00000E+00,1.75000E+01,1.75000E+01,1.75000E+01,0.00000E+00,0.00000E+00
a4,"tax3",-122.00000,38.00000,1.25390E+03,5.19337E+03,2.64717E+04,2.50779E-02,3.72814E+03,3.30556E+01,1.75000E+01,2.91667E+01,0.00000E+00,1.55556E+01
a1,"tax1",-122.00000,38.11300,3.73534E+03,3.06408E+04,3.36769E+04,7.47068E-02,1.84265E+04,3.30556E+01,3.30556E+01,3.30556E+01,0.00000E+00,1.75000E+01
a6,"tax2",-122.00000,38.22500,2.17015E+03,1.09172E+05,1.62926E+05,4.34030E-02,4.43729E+03,3.30556E+01,3.30556E+01,3.30556E+01,0.00000E+00,1.75000E+01
a7,"tax1",-121.88600,38.11300,1.98656E+03,1.22456E+04,1.83684E+04,3.97312E-02,6.76237E+03,3.30556E+01,3.30556E+01,3.30556E+01,0.00000E+00,1.75000E+01
