asset_ref,taxonomy,lon,lat,business_interruption~poe-0.02,business_interruption~poe-0.1,contents~poe-0.02,contents~poe-0.1,nonstructural~poe-0.02,nonstructural~poe-0.1,occupants~poe-0.02,occupants~poe-0.1,structural~poe-0.02,structural~poe-0.1,business_interruption_ins~poe-0.02,business_interruption_ins~poe-0.1,contents_ins~poe-0.02,contents_ins~poe-0.1,nonstructural_ins~poe-0.02,nonstructural_ins~poe-0.1,occupants_ins~poe-0.02:float32,occupants_ins~poe-0.1:float32,structural_ins~poe-0.02,structural_ins~poe-0.1
a3,"tax1",-122.57000,38.11300,3.68446E+01,3.68446E+01,2.09977E+02,2.09977E+02,3.14965E+02,3.14965E+02,7.36893E-04,7.36893E-04,0.00000E+00,0.00000E+00,7.00000E-01,7.00000E-01,7.00000E-01,7.00000E-01,7.00000E-01,7.00000E-01,0.00000E+00,0.00000E+00,0.00000E+00,0.00000E+00
a2,"tax2",-122.11400,38.11300,3.41922E+01,3.41922E+01,5.20894E+02,5.20894E+02,7.39416E+02,7.39416E+02,6.83845E-04,6.83845E-04,0.00000E+00,0.00000E+00,7.00000E-01,7.00000E-01,7.00000E-01,7.00000E-01,7.00000E-01,7.00000E-01,0.00000E+00,0.00000E+00,0.00000E+00,0.00000E+00
a5,"tax1",-122.00000,37.91000,2.29770E+01,2.29770E+01,1.20232E+02,1.20232E+02,1.80348E+02,1.80348E+02,4.59540E-04,4.59540E-04,0.00000E+00,0.00000E+00,7.00000E-01,7.00000E-01,7.00000E-01,7.00000E-01,7.00000E-01,7.00000E-01,0.00000E+00,0.00000E+00,0.00000E+00,0.00000E+00
a4,"tax3",-122.00000,38.00000,2.81628E+01,2.81628E+01,2.45881E+02,2.45881E+02,4.79935E+02,4.79935E+02,5.63256E-04,5.63256E-04,0.00000E+00,0.00000E+00,7.00000E-01,7.00000E-01,7.00000E-01,7.00000E-01,7.00000E-01,7.00000E-01,0.00000E+00,0.00000E+00,0.00000E+00,0.00000E+00
a1,"tax1",-122.00000,38.11300,8.57827E+01,8.57827E+01,5.94765E+02,5.94765E+02,7.93221E+02,7.93221E+02,1.71565E-03,1.71565E-03,3.38833E+02,3.38833E+02,7.00000E-01,7.00000E-01,7.00000E-01,7.00000E-01,7.00000E-01,7.00000E-01,0.00000E+00,0.00000E+00,7.00000E-01,7.00000E-01
a6,"tax2",-122.00000,38.22500,8.43276E+01,8.43276E+01,1.09438E+03,1.09438E+03,1.20540E+03,1.20540E+03,1.68655E-03,1.68655E-03,1.69099E+02,1.69099E+02,7.00000E-01,7.00000E-01,7.00000E-01,7.00000E-01,7.00000E-01,7.00000E-01,0.00000E+00,0.00000E+00,7.00000E-01,7.00000E-01
a7,"tax1",-121.88600,38.11300,4.71692E+01,4.71692E+01,2.79901E+02,2.79901E+02,4.19852E+02,4.19852E+02,9.43385E-04,9.43385E-04,1.36153E+02,1.36153E+02,7.00000E-01,7.00000E-01,7.00000E-01,7.00000E-01,7.00000E-01,7.00000E-01,0.00000E+00,0.00000E+00,7.00000E-01,7.00000E-01
