<?xml version="1.0" encoding="utf-8"?>
<nrml
xmlns="http://openquake.org/xmlns/nrml/0.5"
xmlns:gml="http://www.opengis.net/gml"
>
    <uniformHazardSpectra
    gsimTreePath="b12"
    investigationTime="1.0"
    poE="0.002105"
    sourceModelTreePath="b1"
    >
        <periods>
            0.0 0.2 1.0
        </periods>
        <uhs>
            <gml:Point>
                <gml:pos>
                    -123.23738 49.27479
                </gml:pos>
            </gml:Point>
            <IMLs>
                0.0579523959561 0.129221489152 0.0433393439942
            </IMLs>
        </uhs>
        <uhs>
            <gml:Point>
                <gml:pos>
                    -123.23282 49.26162
                </gml:pos>
            </gml:Point>
            <IMLs>
                0.0576138581217 0.128653493563 0.0431573153272
            </IMLs>
        </uhs>
        <uhs>
            <gml:Point>
                <gml:pos>
                    -123.2048 49.26786
                </gml:pos>
            </gml:Point>
            <IMLs>
                0.0582346418992 0.129590859011 0.0432801822219
            </IMLs>
        </uhs>
    </uniformHazardSpectra>
</nrml>
