&gt;"&gt;&lt;script&gt;alert("XSS")&lt;/script&gt;&amp;