&lt;img src="JaVaScRiPt:alert(&amp;quot;XSS&lt;WBR"&gt;&quot;)&gt;
