&lt;scr&lt;script&gt;ipt type="text/javascript"&gt;alert("foo");script&lt;del&gt;&lt;/del&gt;&gt;&lt;/scr&lt;script&gt;
