loss_type,unit,mean,stddev
structural,USD,6.000000E+01,1.559915E+02
